// Jest Snapshot v1, https://goo.gl/fbAQLP

exports[`Planet should match the snapshot 1`] = `ShallowWrapper {}`;
