// Jest Snapshot v1, https://goo.gl/fbAQLP

exports[`Card should match the snapshot with people 1`] = `ShallowWrapper {}`;

exports[`Card should match the snapshot with planets 1`] = `ShallowWrapper {}`;

exports[`Card should match the snapshot with vehicles 1`] = `ShallowWrapper {}`;
